T_ADDRESS:
 - C_ID: 10
   C_CREATEDATE: '2016-11-04'
   C_CREATEUSER: '[null]'
   C_MODIFYDATE: '[null]'
   C_VERSION: 0
   C_CITY: 'ADDRESS_CITY'
   C_COUNTRY: 'ADDRESS_COUNTRY'
   C_STREET: 'ADDRESS_STREET'
   C_ZIP_CODE: '4002'
   JOIN_COL_ADDRESS_USER: '1'
 - C_ID: 4
   C_CREATEDATE: '2016-11-04'
   C_CREATEUSER: '[null]'
   C_MODIFYDATE: '[null]'
   C_VERSION: 0
   C_CITY: 'ADDRESS_CITY'
   C_COUNTRY: 'ADDRESS_COUNTRY'
   C_STREET: 'ADDRESS_STREET'
   C_ZIP_CODE: '4001'
   JOIN_COL_ADDRESS_USER: '3'
